Not authorized in SeriesEmailTextUpdate
Not authorized in SeriesEmailTextUpdate
Please re-enter your username and password
Not authorized in SeriesEmailTextUpdate
